// Jest Snapshot v1, https://goo.gl/fbAQLP

exports[`FourOFourLayout should match snapshot 1`] = `
.c1 {
  margin: 0 auto;
  padding: 1rem;
}

.c1 a {
  -webkit-text-decoration: none;
  text-decoration: none;
  color: #f00;
}

.c1 a:hover {
  color: #d00;
}

.c0 {
  min-height: 100vh;
  background: #fff;
}

@media only screen and (min-width:600px) {
  .c1 {
    padding: 4rem 1rem;
  }
}

<div
  className="c0"
>
  <main
    className="c1"
  >
    <h1>
      NOT FOUND 🤔
    </h1>
    <p>
      You just hit a route that doesn't exist... the sadness.
    </p>
  </main>
</div>
`;
