// Jest Snapshot v1, https://goo.gl/fbAQLP

exports[`Quote should have the following style rules 1`] = `
.c0 {
  text-align: center;
  font-style: italic;
  color: #888;
}

.c0 h1,
.c0 h2,
.c0 h3,
.c0 h4,
.c0 h5,
.c0 h6 {
  margin: 2rem;
  font-weight: 300;
}

<div
  className="c0"
>
  Quowote
</div>
`;
