// Jest Snapshot v1, https://goo.gl/fbAQLP

exports[`CardHeaderIconWrapper should have the following static style rules 1`] = `
.c0 {
  border-radius: 999rem;
  overflow: hidden;
  width: 4rem;
  padding: 0.5rem;
  background: #DDD;
}

<div
  className="c0"
>
  <h1>
    Hello World
  </h1>
</div>
`;

exports[`CardHeaderIconWrapper should match snapshot 1`] = `
.c0 {
  border-radius: 999rem;
  overflow: hidden;
  width: 4rem;
  padding: 0.5rem;
  background: #DDD;
}

<div
  className="c0"
>
  <h1>
    Hello World
  </h1>
</div>
`;
