// Jest Snapshot v1, https://goo.gl/fbAQLP

exports[`CardFooter should have the following static style rules 1`] = `
.c0 {
  grid-area: 'footer';
  padding: 0 2rem 2rem;
}

<footer
  className="c0"
>
  <h1>
    Hello World
  </h1>
</footer>
`;

exports[`CardFooter should match snapshot 1`] = `
.c0 {
  grid-area: 'footer';
  padding: 0 2rem 2rem;
}

<footer
  className="c0"
>
  <h1>
    Hello World
  </h1>
</footer>
`;
