// Jest Snapshot v1, https://goo.gl/fbAQLP

exports[`ExperienceCard should match snapshot 1`] = `
.c0 {
  position: relative;
  height: 100%;
  border-radius: 0.25rem;
  display: grid;
  grid-template-areas: 'header' 'body' 'footer';
  grid-template-rows: auto 1fr auto;
  overflow: hidden;
  box-shadow: 0 0.075rem 0.075rem rgba(0,0,0,0.1), 0 0.125rem 0.125rem rgba(0,0,0,0.25);
  -webkit-transition: all 0.3s cubic-bezier(0.25,0.8,0.25,1);
  transition: all 0.3s cubic-bezier(0.25,0.8,0.25,1);
  background: #fff;
}

.c0 header img {
  -webkit-transition: all 0.2s ease-in-out !important;
  transition: all 0.2s ease-in-out !important;
}

.c0 h1 {
  font-size: 1.1rem;
  margin: 0;
}

.c0 h2 {
  font-size: 1rem;
  font-style: italic;
  margin: 0;
  color: #aaa;
  margin-bottom: 1rem;
}

.c0 p {
  text-align: left;
}

.c2 {
  position: relative;
  display: -webkit-box;
  display: -webkit-flex;
  display: -ms-flexbox;
  display: flex;
  -webkit-align-self: center;
  -ms-flex-item-align: center;
  align-self: center;
  height: 100%;
  width: 100%;
  -webkit-transition: all 0.25s ease-in-out;
  transition: all 0.25s ease-in-out;
  -webkit-flex-direction: column;
  -ms-flex-direction: column;
  flex-direction: column;
  -webkit-flex-wrap: initial;
  -ms-flex-wrap: initial;
  flex-wrap: initial;
  -webkit-align-items: center;
  -webkit-box-align: center;
  -ms-flex-align: center;
  align-items: center;
  -webkit-box-pack: start;
  -webkit-justify-content: flex-start;
  -ms-flex-pack: start;
  justify-content: flex-start;
}

.c1 {
  padding: 2rem 2rem 0rem 2rem;
}

.c1 h2 {
  margin: 0;
}

.c4 {
  padding: 0 0 0 1rem;
}

.c5 {
  grid-area: 'body';
  position: relative;
  padding: 2rem;
}

.c3 {
  border-radius: 999rem;
  overflow: hidden;
  width: 4rem;
  padding: 0.5rem;
  background: red;
}

@media only screen and (min-width:600px) {
  .c0 {
    text-align: justify;
  }
}

@media only screen and (min-width:1200px) {
  .c0:hover {
    box-shadow: 0 0.125rem 0.25rem rgba(0,0,0,0.25), 0 0.25rem 0.25rem rgba(0,0,0,0.2);
  }

  .c0:hover header img {
    -webkit-transform: scale(1.1);
    -ms-transform: scale(1.1);
    transform: scale(1.1);
  }
}

@media only screen and (min-width:600px) {
  .c4 {
    padding: 0 2rem;
  }
}

<article
  className="c0"
>
  <header
    className="c1"
  >
    <div
      className="c2"
    >
      <div
        className="c3"
      />
      <div
        className="c4"
      >
        <h1>
          Jest
           (
          Jester
          )
        </h1>
        <h2>
          <span>
            08 Jan 1994
          </span>
           -
           
          <span>
            09 Jan 1994
          </span>
        </h2>
      </div>
    </div>
  </header>
  <main
    className="c5"
  >
    <p>
      It is Jest a Test Runner bruh
    </p>
  </main>
</article>
`;
